分类: 📺央视频道, 名称: CCTV1, 有效: 3, IPv4: 23, IPv6: 0, 最小延迟: 377 ms, 最高速率: 5.01 M/s, 平均速率: 4.43 M/s, 最高分辨率: 1920x1080
分类: 📺央视频道, 名称: CCTV2, 有效: 2, IPv4: 25, IPv6: 0, 最小延迟: 347 ms, 最高速率: 3.41 M/s, 平均速率: 3.03 M/s, 最高分辨率: 1920x1080
分类: 📺央视频道, 名称: CCTV3, 有效: 4, IPv4: 21, IPv6: 0, 最小延迟: 349 ms, 最高速率: 9.64 M/s, 平均速率: 4.84 M/s, 最高分辨率: 1920x1080
分类: 📺央视频道, 名称: CCTV4, 有效: 4, IPv4: 29, IPv6: 0, 最小延迟: 291 ms, 最高速率: 3.31 M/s, 平均速率: 2.71 M/s, 最高分辨率: 1920x1080
分类: 📺央视频道, 名称: CCTV5, 有效: 2, IPv4: 24, IPv6: 0, 最小延迟: 290 ms, 最高速率: 5.63 M/s, 平均速率: 3.53 M/s, 最高分辨率: 1920x1080
分类: 📺央视频道, 名称: CCTV5+, 有效: 1, IPv4: 20, IPv6: 0, 最小延迟: 3408 ms, 最高速率: 1.83 M/s, 平均速率: 1.83 M/s, 最高分辨率: 1920x1080
分类: 📺央视频道, 名称: CCTV6, 有效: 2, IPv4: 23, IPv6: 0, 最小延迟: 360 ms, 最高速率: 9.98 M/s, 平均速率: 6.12 M/s, 最高分辨率: 1920x1080
分类: 📺央视频道, 名称: CCTV7, 有效: 3, IPv4: 23, IPv6: 0, 最小延迟: 417 ms, 最高速率: 8.88 M/s, 平均速率: 7.50 M/s, 最高分辨率: 1920x1080
分类: 📺央视频道, 名称: CCTV8, 有效: 2, IPv4: 26, IPv6: 0, 最小延迟: 315 ms, 最高速率: 10.66 M/s, 平均速率: 7.01 M/s, 最高分辨率: 1920x1080
分类: 📺央视频道, 名称: CCTV9, 有效: 3, IPv4: 24, IPv6: 0, 最小延迟: 389 ms, 最高速率: 6.53 M/s, 平均速率: 4.72 M/s, 最高分辨率: 1920x1080
分类: 📺央视频道, 名称: CCTV10, 有效: 2, IPv4: 24, IPv6: 0, 最小延迟: 235 ms, 最高速率: 5.26 M/s, 平均速率: 3.80 M/s, 最高分辨率: 1920x1080
分类: 📺央视频道, 名称: CCTV11, 有效: 3, IPv4: 24, IPv6: 0, 最小延迟: 327 ms, 最高速率: 9.48 M/s, 平均速率: 6.04 M/s, 最高分辨率: 1920x1080
分类: 📺央视频道, 名称: CCTV12, 有效: 4, IPv4: 24, IPv6: 0, 最小延迟: 319 ms, 最高速率: 8.98 M/s, 平均速率: 4.07 M/s, 最高分辨率: 1920x1080
分类: 📺央视频道, 名称: CCTV13, 有效: 3, IPv4: 25, IPv6: 0, 最小延迟: 491 ms, 最高速率: 9.99 M/s, 平均速率: 5.65 M/s, 最高分辨率: 1920x1080
分类: 📺央视频道, 名称: CCTV14, 有效: 2, IPv4: 22, IPv6: 0, 最小延迟: 342 ms, 最高速率: 10.06 M/s, 平均速率: 7.43 M/s, 最高分辨率: 1920x1080
分类: 📺央视频道, 名称: CCTV15, 有效: 2, IPv4: 24, IPv6: 0, 最小延迟: 448 ms, 最高速率: 9.96 M/s, 平均速率: 9.06 M/s, 最高分辨率: 1920x1080
分类: 📺央视频道, 名称: CCTV16, 有效: 0, IPv4: 23, IPv6: 0, 最小延迟: 1385 ms, 最高速率: 0.24 M/s, 平均速率: 0.00 M/s, 最高分辨率: 1920x1080
分类: 📺央视频道, 名称: CETV2, 有效: 0, IPv4: 1, IPv6: 0, 最小延迟: -1 ms, 最高速率: 0.00 M/s, 平均速率: 0.00 M/s, 最高分辨率: None
分类: 📺央视频道, 名称: CETV4, 有效: 0, IPv4: 1, IPv6: 0, 最小延迟: -1 ms, 最高速率: 0.00 M/s, 平均速率: 0.00 M/s, 最高分辨率: None
分类: 📺央视频道, 名称: CETV3, 有效: 0, IPv4: 3, IPv6: 0, 最小延迟: 425 ms, 最高速率: 6.27 M/s, 平均速率: 0.00 M/s, 最高分辨率: 1280x720
分类: 📺央视频道, 名称: CCTV17, 有效: 4, IPv4: 20, IPv6: 0, 最小延迟: 44 ms, 最高速率: 112.20 M/s, 平均速率: 48.50 M/s, 最高分辨率: 1920x1080
分类: 📺央视频道, 名称: CCTV4K, 有效: 0, IPv4: 9, IPv6: 0, 最小延迟: -1 ms, 最高速率: 0.00 M/s, 平均速率: 0.00 M/s, 最高分辨率: None
分类: 📺央视频道, 名称: CCTV8K, 有效: 0, IPv4: 1, IPv6: 0, 最小延迟: -1 ms, 最高速率: 0.00 M/s, 平均速率: 0.00 M/s, 最高分辨率: None
分类: 📺央视频道, 名称: 高尔夫网球, 有效: 1, IPv4: 3, IPv6: 0, 最小延迟: 20 ms, 最高速率: 8.47 M/s, 平均速率: 8.47 M/s, 最高分辨率: 1920x1080
分类: 📺央视频道, 名称: CETV1, 有效: 4, IPv4: 9, IPv6: 0, 最小延迟: 229 ms, 最高速率: 10.39 M/s, 平均速率: 3.40 M/s, 最高分辨率: 1920x1080
分类: 📺央视频道, 名称: 风云足球, 有效: 4, IPv4: 7, IPv6: 0, 最小延迟: 45 ms, 最高速率: 115.56 M/s, 平均速率: 34.42 M/s, 最高分辨率: 1920x1080
分类: 📺央视频道, 名称: CGTN俄语, 有效: 0, IPv4: 3, IPv6: 0, 最小延迟: -1 ms, 最高速率: 0.00 M/s, 平均速率: 0.00 M/s, 最高分辨率: None
分类: 📺央视频道, 名称: 风云剧场, 有效: 3, IPv4: 6, IPv6: 0, 最小延迟: 53 ms, 最高速率: 95.92 M/s, 平均速率: 37.03 M/s, 最高分辨率: 1920x1080
分类: 📺央视频道, 名称: 央视台球, 有效: 4, IPv4: 7, IPv6: 0, 最小延迟: 296 ms, 最高速率: 9.14 M/s, 平均速率: 7.01 M/s, 最高分辨率: 1920x1080
分类: 📺央视频道, 名称: CGTN英语, 有效: 1, IPv4: 7, IPv6: 0, 最小延迟: 51 ms, 最高速率: 52.45 M/s, 平均速率: 52.45 M/s, 最高分辨率: 1920x1080
分类: 📺央视频道, 名称: 世界地理, 有效: 1, IPv4: 4, IPv6: 0, 最小延迟: 430 ms, 最高速率: 7.33 M/s, 平均速率: 7.33 M/s, 最高分辨率: 1920x1080
分类: 📺央视频道, 名称: 风云音乐, 有效: 4, IPv4: 8, IPv6: 0, 最小延迟: 46 ms, 最高速率: 115.48 M/s, 平均速率: 58.90 M/s, 最高分辨率: 1920x1080
分类: 📺央视频道, 名称: 第一剧场, 有效: 4, IPv4: 7, IPv6: 0, 最小延迟: 55 ms, 最高速率: 101.16 M/s, 平均速率: 49.38 M/s, 最高分辨率: 1920x1080
分类: 📺央视频道, 名称: 怀旧剧场, 有效: 3, IPv4: 6, IPv6: 0, 最小延迟: 51 ms, 最高速率: 91.17 M/s, 平均速率: 34.83 M/s, 最高分辨率: 1920x1080
分类: 📺央视频道, 名称: 女性时尚, 有效: 2, IPv4: 5, IPv6: 0, 最小延迟: 443 ms, 最高速率: 7.67 M/s, 平均速率: 6.75 M/s, 最高分辨率: 1920x1080
分类: 📺央视频道, 名称: 兵器科技, 有效: 4, IPv4: 8, IPv6: 0, 最小延迟: 36 ms, 最高速率: 137.51 M/s, 平均速率: 69.20 M/s, 最高分辨率: 1920x1080
分类: 📺央视频道, 名称: 老故事, 有效: 0, IPv4: 7, IPv6: 0, 最小延迟: 2208 ms, 最高速率: 0.38 M/s, 平均速率: 0.00 M/s, 最高分辨率: 1920x1080
分类: 📡卫视频道, 名称: 湖南卫视, 有效: 5, IPv4: 22, IPv6: 0, 最小延迟: 21 ms, 最高速率: 65.61 M/s, 平均速率: 26.28 M/s, 最高分辨率: 3840x2160
分类: 📡卫视频道, 名称: 浙江卫视, 有效: 2, IPv4: 22, IPv6: 0, 最小延迟: 486 ms, 最高速率: 9.72 M/s, 平均速率: 9.16 M/s, 最高分辨率: 1920x1080
分类: 📡卫视频道, 名称: 江苏卫视, 有效: 4, IPv4: 20, IPv6: 0, 最小延迟: 500 ms, 最高速率: 10.21 M/s, 平均速率: 7.48 M/s, 最高分辨率: 3840x2160
分类: 📡卫视频道, 名称: 东方卫视, 有效: 3, IPv4: 22, IPv6: 0, 最小延迟: 428 ms, 最高速率: 9.12 M/s, 平均速率: 8.72 M/s, 最高分辨率: 1920x1080
分类: 📡卫视频道, 名称: 北京卫视, 有效: 4, IPv4: 21, IPv6: 0, 最小延迟: 39 ms, 最高速率: 130.64 M/s, 平均速率: 37.57 M/s, 最高分辨率: 3840x2160
分类: 📡卫视频道, 名称: 广东卫视, 有效: 2, IPv4: 17, IPv6: 0, 最小延迟: 4 ms, 最高速率: 232.85 M/s, 平均速率: 5.49 M/s, 最高分辨率: 1920x1080
分类: 📡卫视频道, 名称: 深圳卫视, 有效: 4, IPv4: 17, IPv6: 0, 最小延迟: 453 ms, 最高速率: 9.76 M/s, 平均速率: 5.05 M/s, 最高分辨率: 1920x1080
分类: 📡卫视频道, 名称: 天津卫视, 有效: 2, IPv4: 14, IPv6: 0, 最小延迟: 69 ms, 最高速率: 13.50 M/s, 平均速率: 10.73 M/s, 最高分辨率: 1920x1080
分类: 📡卫视频道, 名称: 山东卫视, 有效: 5, IPv4: 19, IPv6: 0, 最小延迟: 6 ms, 最高速率: 15.03 M/s, 平均速率: 4.73 M/s, 最高分辨率: 1920x1080
分类: 📡卫视频道, 名称: 河南卫视, 有效: 3, IPv4: 20, IPv6: 0, 最小延迟: 5 ms, 最高速率: 15.23 M/s, 平均速率: 9.62 M/s, 最高分辨率: 1920x1080
分类: 📡卫视频道, 名称: 湖北卫视, 有效: 2, IPv4: 14, IPv6: 0, 最小延迟: 445 ms, 最高速率: 9.75 M/s, 平均速率: 9.73 M/s, 最高分辨率: 1920x1080
分类: 📡卫视频道, 名称: 四川卫视, 有效: 4, IPv4: 18, IPv6: 0, 最小延迟: 50 ms, 最高速率: 107.82 M/s, 平均速率: 46.55 M/s, 最高分辨率: 3840x2160
分类: 📡卫视频道, 名称: 重庆卫视, 有效: 2, IPv4: 15, IPv6: 0, 最小延迟: 504 ms, 最高速率: 8.29 M/s, 平均速率: 8.21 M/s, 最高分辨率: 1920x1080
分类: 📡卫视频道, 名称: 安徽卫视, 有效: 3, IPv4: 18, IPv6: 0, 最小延迟: 7 ms, 最高速率: 14.66 M/s, 平均速率: 6.85 M/s, 最高分辨率: 1920x1080
分类: 📡卫视频道, 名称: 江西卫视, 有效: 3, IPv4: 16, IPv6: 0, 最小延迟: 39 ms, 最高速率: 135.43 M/s, 平均速率: 51.04 M/s, 最高分辨率: 1920x1080
分类: 📡卫视频道, 名称: 辽宁卫视, 有效: 4, IPv4: 18, IPv6: 0, 最小延迟: 250 ms, 最高速率: 9.28 M/s, 平均速率: 6.96 M/s, 最高分辨率: 1920x1080
分类: 📡卫视频道, 名称: 吉林卫视, 有效: 2, IPv4: 14, IPv6: 0, 最小延迟: 286 ms, 最高速率: 9.09 M/s, 平均速率: 8.86 M/s, 最高分辨率: 1920x1080
分类: 📡卫视频道, 名称: 黑龙江卫视, 有效: 3, IPv4: 19, IPv6: 0, 最小延迟: 285 ms, 最高速率: 8.16 M/s, 平均速率: 6.88 M/s, 最高分辨率: 1920x1080
分类: 📡卫视频道, 名称: 河北卫视, 有效: 1, IPv4: 18, IPv6: 0, 最小延迟: 7 ms, 最高速率: 14.77 M/s, 平均速率: 10.11 M/s, 最高分辨率: 1920x1080
分类: 📡卫视频道, 名称: 山西卫视, 有效: 4, IPv4: 14, IPv6: 0, 最小延迟: 42 ms, 最高速率: 118.14 M/s, 平均速率: 54.46 M/s, 最高分辨率: 1920x1080
分类: 📡卫视频道, 名称: 陕西卫视, 有效: 4, IPv4: 14, IPv6: 0, 最小延迟: 7 ms, 最高速率: 115.14 M/s, 平均速率: 34.78 M/s, 最高分辨率: 1920x1080
分类: 📡卫视频道, 名称: 甘肃卫视, 有效: 1, IPv4: 14, IPv6: 0, 最小延迟: 474 ms, 最高速率: 9.15 M/s, 平均速率: 9.15 M/s, 最高分辨率: 1920x1080
分类: 📡卫视频道, 名称: 青海卫视, 有效: 2, IPv4: 11, IPv6: 0, 最小延迟: 7 ms, 最高速率: 12.58 M/s, 平均速率: 9.42 M/s, 最高分辨率: 1920x1080
分类: 📡卫视频道, 名称: 宁夏卫视, 有效: 5, IPv4: 12, IPv6: 0, 最小延迟: 39 ms, 最高速率: 134.71 M/s, 平均速率: 63.89 M/s, 最高分辨率: 1920x1080
分类: 📡卫视频道, 名称: 新疆卫视, 有效: 5, IPv4: 13, IPv6: 0, 最小延迟: 49 ms, 最高速率: 101.85 M/s, 平均速率: 26.16 M/s, 最高分辨率: 1920x1080
分类: 📡卫视频道, 名称: 西藏卫视, 有效: 3, IPv4: 14, IPv6: 0, 最小延迟: 55 ms, 最高速率: 99.62 M/s, 平均速率: 37.76 M/s, 最高分辨率: 1920x1080
分类: 📡卫视频道, 名称: 内蒙古卫视, 有效: 5, IPv4: 16, IPv6: 0, 最小延迟: 6 ms, 最高速率: 94.70 M/s, 平均速率: 39.91 M/s, 最高分辨率: 1920x1080
分类: 📡卫视频道, 名称: 广西卫视, 有效: 3, IPv4: 14, IPv6: 0, 最小延迟: 505 ms, 最高速率: 9.40 M/s, 平均速率: 6.89 M/s, 最高分辨率: 1920x1080
分类: 📡卫视频道, 名称: 云南卫视, 有效: 1, IPv4: 15, IPv6: 0, 最小延迟: 453 ms, 最高速率: 8.93 M/s, 平均速率: 8.93 M/s, 最高分辨率: 1920x1080
分类: 📡卫视频道, 名称: 贵州卫视, 有效: 4, IPv4: 18, IPv6: 0, 最小延迟: 38 ms, 最高速率: 129.24 M/s, 平均速率: 39.05 M/s, 最高分辨率: 1920x1080
分类: 📡卫视频道, 名称: 海南卫视, 有效: 1, IPv4: 13, IPv6: 0, 最小延迟: 2716 ms, 最高速率: 0.58 M/s, 平均速率: 0.58 M/s, 最高分辨率: 1920x1080
分类: 📡卫视频道, 名称: 三沙卫视, 有效: 0, IPv4: 8, IPv6: 0, 最小延迟: 430 ms, 最高速率: 7.37 M/s, 平均速率: 0.00 M/s, 最高分辨率: 1280x720
分类: 📡卫视频道, 名称: 东南卫视, 有效: 2, IPv4: 17, IPv6: 0, 最小延迟: 440 ms, 最高速率: 8.56 M/s, 平均速率: 8.56 M/s, 最高分辨率: 1920x1080
分类: 📡卫视频道, 名称: 大湾区卫视, 有效: 3, IPv4: 15, IPv6: 0, 最小延迟: 468 ms, 最高速率: 11.04 M/s, 平均速率: 7.17 M/s, 最高分辨率: 1920x1080
分类: ☘️广东频道, 名称: 广东珠江, 有效: 1, IPv4: 3, IPv6: 0, 最小延迟: 411 ms, 最高速率: 7.74 M/s, 平均速率: 7.74 M/s, 最高分辨率: 1920x1080
分类: ☘️广东频道, 名称: 广东体育, 有效: 0, IPv4: 2, IPv6: 0, 最小延迟: 1006 ms, 最高速率: 0.13 M/s, 平均速率: 0.00 M/s, 最高分辨率: 1280x720
分类: 📡卫视频道, 名称: 兵团卫视, 有效: 0, IPv4: 8, IPv6: 0, 最小延迟: -1 ms, 最高速率: 0.00 M/s, 平均速率: 0.00 M/s, 最高分辨率: None
分类: ☘️广东频道, 名称: 广东新闻, 有效: 0, IPv4: 2, IPv6: 0, 最小延迟: 1139 ms, 最高速率: 0.18 M/s, 平均速率: 0.00 M/s, 最高分辨率: 1280x720
分类: ☘️广东频道, 名称: 广东经济科教, 有效: 0, IPv4: 2, IPv6: 0, 最小延迟: -1 ms, 最高速率: 0.00 M/s, 平均速率: 0.00 M/s, 最高分辨率: None
分类: ☘️广东频道, 名称: 广州综合, 有效: 0, IPv4: 4, IPv6: 0, 最小延迟: 2341 ms, 最高速率: 0.57 M/s, 平均速率: 0.00 M/s, 最高分辨率: 1280x720
分类: 📡卫视频道, 名称: 延边卫视, 有效: 2, IPv4: 9, IPv6: 0, 最小延迟: 728 ms, 最高速率: 4.66 M/s, 平均速率: 3.25 M/s, 最高分辨率: 1920x1080
分类: 📡卫视频道, 名称: 康巴卫视, 有效: 0, IPv4: 4, IPv6: 0, 最小延迟: -1 ms, 最高速率: 0.00 M/s, 平均速率: 0.00 M/s, 最高分辨率: None
分类: ☘️广东频道, 名称: 广州新闻, 有效: 0, IPv4: 1, IPv6: 0, 最小延迟: 2204 ms, 最高速率: 0.44 M/s, 平均速率: 0.00 M/s, 最高分辨率: 1280x720
分类: ☘️广东频道, 名称: 广东民生, 有效: 0, IPv4: 4, IPv6: 0, 最小延迟: 576 ms, 最高速率: 4.53 M/s, 平均速率: 0.00 M/s, 最高分辨率: 1280x720
分类: 🇭🇰香港频道, 名称: TVB Plus, 有效: 0, IPv4: 1, IPv6: 0, 最小延迟: -1 ms, 最高速率: 0.00 M/s, 平均速率: 0.00 M/s, 最高分辨率: None
分类: 🇭🇰香港频道, 名称: 无线新闻台, 有效: 0, IPv4: 7, IPv6: 0, 最小延迟: 375 ms, 最高速率: 1.50 M/s, 平均速率: 0.00 M/s, 最高分辨率: 1920x1080
分类: 🇭🇰香港频道, 名称: ViuTV, 有效: 0, IPv4: 1, IPv6: 0, 最小延迟: -1 ms, 最高速率: 0.00 M/s, 平均速率: 0.00 M/s, 最高分辨率: None
分类: ☘️广东频道, 名称: 广州影视, 有效: 0, IPv4: 1, IPv6: 0, 最小延迟: -1 ms, 最高速率: 0.00 M/s, 平均速率: 0.00 M/s, 最高分辨率: None
分类: ☘️广东频道, 名称: 广州竞赛, 有效: 0, IPv4: 2, IPv6: 0, 最小延迟: 8528 ms, 最高速率: 0.02 M/s, 平均速率: 0.00 M/s, 最高分辨率: 1280x720
分类: ☘️广东频道, 名称: 南方卫视, 有效: 1, IPv4: 2, IPv6: 0, 最小延迟: 9869 ms, 最高速率: 0.56 M/s, 平均速率: 0.56 M/s, 最高分辨率: 1920x1080
分类: 🇭🇰香港频道, 名称: 翡翠台, 有效: 0, IPv4: 14, IPv6: 0, 最小延迟: -1 ms, 最高速率: 0.00 M/s, 平均速率: 0.00 M/s, 最高分辨率: 1920x1080
分类: 🇭🇰香港频道, 名称: 香港卫视, 有效: 0, IPv4: 2, IPv6: 0, 最小延迟: -1 ms, 最高速率: 0.00 M/s, 平均速率: 0.00 M/s, 最高分辨率: None
分类: 🇭🇰香港频道, 名称: 明珠台, 有效: 0, IPv4: 4, IPv6: 0, 最小延迟: -1 ms, 最高速率: 0.00 M/s, 平均速率: 0.00 M/s, 最高分辨率: None
分类: 🇭🇰香港频道, 名称: J2, 有效: 0, IPv4: 1, IPv6: 0, 最小延迟: -1 ms, 最高速率: 0.00 M/s, 平均速率: 0.00 M/s, 最高分辨率: None
分类: 🇲🇴澳门频道, 名称: 澳门莲花, 有效: 0, IPv4: 1, IPv6: 0, 最小延迟: 1440 ms, 最高速率: 0.12 M/s, 平均速率: 0.00 M/s, 最高分辨率: 1920x1080
分类: 🇭🇰香港频道, 名称: 凤凰中文, 有效: 0, IPv4: 7, IPv6: 0, 最小延迟: 516 ms, 最高速率: 0.14 M/s, 平均速率: 0.00 M/s, 最高分辨率: 1920x1080
分类: 🇹🇼台湾频道, 名称: 中视新闻台, 有效: 0, IPv4: 3, IPv6: 0, 最小延迟: -1 ms, 最高速率: 0.00 M/s, 平均速率: 0.00 M/s, 最高分辨率: None
分类: 🇭🇰香港频道, 名称: 凤凰香港, 有效: 0, IPv4: 7, IPv6: 0, 最小延迟: 528 ms, 最高速率: 0.17 M/s, 平均速率: 0.00 M/s, 最高分辨率: 1920x1080
分类: 🇹🇼台湾频道, 名称: 民视第一台, 有效: 0, IPv4: 1, IPv6: 0, 最小延迟: -1 ms, 最高速率: 0.00 M/s, 平均速率: 0.00 M/s, 最高分辨率: None
分类: 🇹🇼台湾频道, 名称: 民视新闻台, 有效: 2, IPv4: 3, IPv6: 0, 最小延迟: 1755 ms, 最高速率: 0.73 M/s, 平均速率: 0.73 M/s, 最高分辨率: 1920x1080
分类: 🇭🇰香港频道, 名称: 港台电视 32, 有效: 0, IPv4: 1, IPv6: 0, 最小延迟: -1 ms, 最高速率: 0.00 M/s, 平均速率: 0.00 M/s, 最高分辨率: None
分类: 🇭🇰香港频道, 名称: 有线新闻台, 有效: 0, IPv4: 1, IPv6: 0, 最小延迟: -1 ms, 最高速率: 0.00 M/s, 平均速率: 0.00 M/s, 最高分辨率: None
分类: 🇹🇼台湾频道, 名称: 台视新闻台, 有效: 2, IPv4: 4, IPv6: 0, 最小延迟: 1947 ms, 最高速率: 0.71 M/s, 平均速率: 0.64 M/s, 最高分辨率: 1920x1080
分类: 🇹🇼台湾频道, 名称: 中视, 有效: 0, IPv4: 2, IPv6: 0, 最小延迟: 10005 ms, 最高速率: 0.00 M/s, 平均速率: 0.00 M/s, 最高分辨率: None
分类: 🇹🇼台湾频道, 名称: 华视, 有效: 0, IPv4: 2, IPv6: 0, 最小延迟: 10006 ms, 最高速率: 0.00 M/s, 平均速率: 0.00 M/s, 最高分辨率: None
分类: 🇹🇼台湾频道, 名称: 民视, 有效: 0, IPv4: 1, IPv6: 0, 最小延迟: 10005 ms, 最高速率: 0.00 M/s, 平均速率: 0.00 M/s, 最高分辨率: None
分类: 🇹🇼台湾频道, 名称: 中天新闻台, 有效: 1, IPv4: 14, IPv6: 0, 最小延迟: 5630 ms, 最高速率: 0.64 M/s, 平均速率: 0.64 M/s, 最高分辨率: 1920x1080
分类: 🇹🇼台湾频道, 名称: 台视, 有效: 0, IPv4: 3, IPv6: 0, 最小延迟: 8236 ms, 最高速率: 0.00 M/s, 平均速率: 0.00 M/s, 最高分辨率: 1280x720
分类: 🇹🇼台湾频道, 名称: 公视, 有效: 0, IPv4: 1, IPv6: 0, 最小延迟: -1 ms, 最高速率: 0.00 M/s, 平均速率: 0.00 M/s, 最高分辨率: None
分类: 🇹🇼台湾频道, 名称: TVBS, 有效: 0, IPv4: 2, IPv6: 0, 最小延迟: -1 ms, 最高速率: 0.00 M/s, 平均速率: 0.00 M/s, 最高分辨率: None
分类: 🇹🇼台湾频道, 名称: TVBS新闻台, 有效: 0, IPv4: 3, IPv6: 0, 最小延迟: 7493 ms, 最高速率: 0.28 M/s, 平均速率: 0.00 M/s, 最高分辨率: 1280x720
分类: 🇹🇼台湾频道, 名称: 三立都会台, 有效: 0, IPv4: 1, IPv6: 0, 最小延迟: -1 ms, 最高速率: 0.00 M/s, 平均速率: 0.00 M/s, 最高分辨率: None
分类: 🇹🇼台湾频道, 名称: TVBS欢乐台, 有效: 0, IPv4: 3, IPv6: 0, 最小延迟: -1 ms, 最高速率: 0.00 M/s, 平均速率: 0.00 M/s, 最高分辨率: None
分类: 🇹🇼台湾频道, 名称: 三立新闻台, 有效: 0, IPv4: 1, IPv6: 0, 最小延迟: -1 ms, 最高速率: 0.00 M/s, 平均速率: 0.00 M/s, 最高分辨率: None
分类: 🇹🇼台湾频道, 名称: 中天综合台, 有效: 0, IPv4: 1, IPv6: 0, 最小延迟: -1 ms, 最高速率: 0.00 M/s, 平均速率: 0.00 M/s, 最高分辨率: None
分类: 🇹🇼台湾频道, 名称: 三立台湾台, 有效: 0, IPv4: 2, IPv6: 0, 最小延迟: -1 ms, 最高速率: 0.00 M/s, 平均速率: 0.00 M/s, 最高分辨率: None
分类: 🇹🇼台湾频道, 名称: 中天娱乐台, 有效: 0, IPv4: 4, IPv6: 0, 最小延迟: -1 ms, 最高速率: 0.00 M/s, 平均速率: 0.00 M/s, 最高分辨率: None
分类: 🇹🇼台湾频道, 名称: 年代新闻台, 有效: 0, IPv4: 1, IPv6: 0, 最小延迟: -1 ms, 最高速率: 0.00 M/s, 平均速率: 0.00 M/s, 最高分辨率: None
分类: 🇹🇼台湾频道, 名称: 东森综合台, 有效: 0, IPv4: 2, IPv6: 0, 最小延迟: -1 ms, 最高速率: 0.00 M/s, 平均速率: 0.00 M/s, 最高分辨率: None
分类: 🇹🇼台湾频道, 名称: 东森新闻台, 有效: 0, IPv4: 2, IPv6: 0, 最小延迟: -1 ms, 最高速率: 0.00 M/s, 平均速率: 0.00 M/s, 最高分辨率: None
分类: 🇹🇼台湾频道, 名称: 东森电影台, 有效: 0, IPv4: 4, IPv6: 0, 最小延迟: -1 ms, 最高速率: 0.00 M/s, 平均速率: 0.00 M/s, 最高分辨率: None
分类: 🇹🇼台湾频道, 名称: 龙华偶像, 有效: 0, IPv4: 1, IPv6: 0, 最小延迟: -1 ms, 最高速率: 0.00 M/s, 平均速率: 0.00 M/s, 最高分辨率: None
分类: 🇹🇼台湾频道, 名称: 龙华日韩, 有效: 0, IPv4: 1, IPv6: 0, 最小延迟: -1 ms, 最高速率: 0.00 M/s, 平均速率: 0.00 M/s, 最高分辨率: None
分类: 🇹🇼台湾频道, 名称: 龙华经典, 有效: 0, IPv4: 1, IPv6: 0, 最小延迟: -1 ms, 最高速率: 0.00 M/s, 平均速率: 0.00 M/s, 最高分辨率: None
分类: 🇹🇼台湾频道, 名称: 纬来电影台, 有效: 0, IPv4: 2, IPv6: 0, 最小延迟: -1 ms, 最高速率: 0.00 M/s, 平均速率: 0.00 M/s, 最高分辨率: None
分类: 🇹🇼台湾频道, 名称: 八大综合台, 有效: 0, IPv4: 2, IPv6: 0, 最小延迟: -1 ms, 最高速率: 0.00 M/s, 平均速率: 0.00 M/s, 最高分辨率: None
分类: 🇹🇼台湾频道, 名称: 纬来体育台, 有效: 0, IPv4: 1, IPv6: 0, 最小延迟: 7910 ms, 最高速率: 0.00 M/s, 平均速率: 0.00 M/s, 最高分辨率: 1280x720
分类: 🇹🇼台湾频道, 名称: 八大戏剧台, 有效: 0, IPv4: 3, IPv6: 0, 最小延迟: 392 ms, 最高速率: 0.00 M/s, 平均速率: 0.00 M/s, 最高分辨率: None
分类: 🇹🇼台湾频道, 名称: 寰宇新闻台, 有效: 1, IPv4: 3, IPv6: 0, 最小延迟: 5208 ms, 最高速率: 0.72 M/s, 平均速率: 0.72 M/s, 最高分辨率: 1920x1080
分类: 🇹🇼台湾频道, 名称: 非凡新闻台, 有效: 0, IPv4: 3, IPv6: 0, 最小延迟: 5495 ms, 最高速率: 0.00 M/s, 平均速率: 0.00 M/s, 最高分辨率: 1280x720
分类: 📚纪录频道, 名称: National Geographic, 有效: 0, IPv4: 1, IPv6: 0, 最小延迟: -1 ms, 最高速率: 0.00 M/s, 平均速率: 0.00 M/s, 最高分辨率: None
分类: ⚽体育频道, 名称: 劲爆体育, 有效: 0, IPv4: 3, IPv6: 0, 最小延迟: -1 ms, 最高速率: 0.00 M/s, 平均速率: 0.00 M/s, 最高分辨率: None
分类: 🇹🇼台湾频道, 名称: 龙华电影, 有效: 0, IPv4: 3, IPv6: 0, 最小延迟: -1 ms, 最高速率: 0.00 M/s, 平均速率: 0.00 M/s, 最高分辨率: None
分类: 📚纪录频道, 名称: 纪实人文, 有效: 0, IPv4: 3, IPv6: 0, 最小延迟: -1 ms, 最高速率: 0.00 M/s, 平均速率: 0.00 M/s, 最高分辨率: None
分类: 📚纪录频道, 名称: 动物世界, 有效: 0, IPv4: 1, IPv6: 0, 最小延迟: -1 ms, 最高速率: 0.00 M/s, 平均速率: 0.00 M/s, 最高分辨率: None
分类: 🇹🇼台湾频道, 名称: 纬来日本台, 有效: 0, IPv4: 2, IPv6: 0, 最小延迟: 4331 ms, 最高速率: 0.00 M/s, 平均速率: 0.00 M/s, 最高分辨率: 1280x720
分类: 🎬电影频道, 名称: CHC动作电影, 有效: 2, IPv4: 7, IPv6: 0, 最小延迟: 495 ms, 最高速率: 6.55 M/s, 平均速率: 6.12 M/s, 最高分辨率: 1920x1080
分类: 🎬电影频道, 名称: CHC家庭影院, 有效: 3, IPv4: 9, IPv6: 0, 最小延迟: 410 ms, 最高速率: 7.01 M/s, 平均速率: 6.66 M/s, 最高分辨率: 1920x1080
分类: 👶少儿频道, 名称: 嘉佳卡通, 有效: 0, IPv4: 2, IPv6: 0, 最小延迟: -1 ms, 最高速率: 0.00 M/s, 平均速率: 0.00 M/s, 最高分辨率: None
分类: 👶少儿频道, 名称: 优漫卡通, 有效: 0, IPv4: 3, IPv6: 0, 最小延迟: -1 ms, 最高速率: 0.00 M/s, 平均速率: 0.00 M/s, 最高分辨率: None
分类: 👶少儿频道, 名称: Nickelodeon, 有效: 0, IPv4: 1, IPv6: 0, 最小延迟: -1 ms, 最高速率: 0.00 M/s, 平均速率: 0.00 M/s, 最高分辨率: None
分类: ⚽体育频道, 名称: 五星体育, 有效: 0, IPv4: 7, IPv6: 0, 最小延迟: -1 ms, 最高速率: 0.00 M/s, 平均速率: 0.00 M/s, 最高分辨率: None
分类: 👶少儿频道, 名称: 北京卡酷少儿, 有效: 1, IPv4: 5, IPv6: 0, 最小延迟: 4556 ms, 最高速率: 1.17 M/s, 平均速率: 1.17 M/s, 最高分辨率: 1920x1080
分类: 🎮游戏电竞, 名称: 游戏风云, 有效: 0, IPv4: 3, IPv6: 0, 最小延迟: -1 ms, 最高速率: 0.00 M/s, 平均速率: 0.00 M/s, 最高分辨率: None
分类: 📚纪录频道, 名称: BBC Earth, 有效: 0, IPv4: 1, IPv6: 0, 最小延迟: -1 ms, 最高速率: 0.00 M/s, 平均速率: 0.00 M/s, 最高分辨率: None
分类: 🎮游戏电竞, 名称: 哒啵电竞, 有效: 0, IPv4: 2, IPv6: 0, 最小延迟: -1 ms, 最高速率: 0.00 M/s, 平均速率: 0.00 M/s, 最高分辨率: None
分类: 🎮游戏电竞, 名称: 电竞天堂, 有效: 0, IPv4: 1, IPv6: 0, 最小延迟: -1 ms, 最高速率: 0.00 M/s, 平均速率: 0.00 M/s, 最高分辨率: None
分类: 🌏国际频道, 名称: CNN, 有效: 0, IPv4: 1, IPv6: 0, 最小延迟: -1 ms, 最高速率: 0.00 M/s, 平均速率: 0.00 M/s, 最高分辨率: None
分类: 📻咪咕直播, 名称: 咪咕直播1, 有效: 0, IPv4: 1, IPv6: 0, 最小延迟: -1 ms, 最高速率: 0.00 M/s, 平均速率: 0.00 M/s, 最高分辨率: None
分类: 🌏国际频道, 名称: NHK World, 有效: 0, IPv4: 1, IPv6: 0, 最小延迟: -1 ms, 最高速率: 0.00 M/s, 平均速率: 0.00 M/s, 最高分辨率: None
分类: 🌏国际频道, 名称: DW, 有效: 0, IPv4: 1, IPv6: 0, 最小延迟: -1 ms, 最高速率: 0.00 M/s, 平均速率: 0.00 M/s, 最高分辨率: None
分类: 🌏国际频道, 名称: France 24, 有效: 0, IPv4: 1, IPv6: 0, 最小延迟: -1 ms, 最高速率: 0.00 M/s, 平均速率: 0.00 M/s, 最高分辨率: None
分类: 🌏国际频道, 名称: Al Jazeera, 有效: 1, IPv4: 3, IPv6: 0, 最小延迟: 75 ms, 最高速率: 62.76 M/s, 平均速率: 62.76 M/s, 最高分辨率: 1920x1080
分类: 👶少儿频道, 名称: 金鹰卡通, 有效: 0, IPv4: 7, IPv6: 0, 最小延迟: -1 ms, 最高速率: 0.00 M/s, 平均速率: 0.00 M/s, 最高分辨率: None
分类: 👶少儿频道, 名称: Cartoon Network, 有效: 0, IPv4: 1, IPv6: 0, 最小延迟: -1 ms, 最高速率: 0.00 M/s, 平均速率: 0.00 M/s, 最高分辨率: None
分类: 👶少儿频道, 名称: 哈哈炫动, 有效: 0, IPv4: 6, IPv6: 0, 最小延迟: -1 ms, 最高速率: 0.00 M/s, 平均速率: 0.00 M/s, 最高分辨率: None
分类: 🎬NewTV轮播, 名称: NewTV黑莓动画, 有效: 0, IPv4: 3, IPv6: 0, 最小延迟: -1 ms, 最高速率: 0.00 M/s, 平均速率: 0.00 M/s, 最高分辨率: 1920x1080
分类: 👶少儿频道, 名称: 动漫秀场, 有效: 0, IPv4: 4, IPv6: 0, 最小延迟: -1 ms, 最高速率: 0.00 M/s, 平均速率: 0.00 M/s, 最高分辨率: None
分类: 🌏国际频道, 名称: BBC World News, 有效: 0, IPv4: 2, IPv6: 0, 最小延迟: -1 ms, 最高速率: 0.00 M/s, 平均速率: 0.00 M/s, 最高分辨率: None
分类: 🎬NewTV轮播, 名称: NewTV爱情喜剧, 有效: 0, IPv4: 3, IPv6: 0, 最小延迟: -1 ms, 最高速率: 0.00 M/s, 平均速率: 0.00 M/s, 最高分辨率: None
分类: 🎬NewTV轮播, 名称: NewTV超级体育, 有效: 0, IPv4: 3, IPv6: 0, 最小延迟: -1 ms, 最高速率: 0.00 M/s, 平均速率: 0.00 M/s, 最高分辨率: None
分类: 🎬NewTV轮播, 名称: NewTV动作电影, 有效: 0, IPv4: 2, IPv6: 0, 最小延迟: -1 ms, 最高速率: 0.00 M/s, 平均速率: 0.00 M/s, 最高分辨率: None
分类: 🎬NewTV轮播, 名称: NewTV古装剧场, 有效: 0, IPv4: 2, IPv6: 0, 最小延迟: -1 ms, 最高速率: 0.00 M/s, 平均速率: 0.00 M/s, 最高分辨率: None
分类: 🎬NewTV轮播, 名称: NewTV黑莓电影, 有效: 0, IPv4: 3, IPv6: 0, 最小延迟: -1 ms, 最高速率: 0.00 M/s, 平均速率: 0.00 M/s, 最高分辨率: None
分类: 🎬NewTV轮播, 名称: NewTV家庭剧场, 有效: 0, IPv4: 1, IPv6: 0, 最小延迟: -1 ms, 最高速率: 0.00 M/s, 平均速率: 0.00 M/s, 最高分辨率: None
分类: 🎬NewTV轮播, 名称: NewTV金牌综艺, 有效: 0, IPv4: 1, IPv6: 0, 最小延迟: -1 ms, 最高速率: 0.00 M/s, 平均速率: 0.00 M/s, 最高分辨率: None
分类: 🔞成人频道, 名称: 松視1台, 有效: 1, IPv4: 1, IPv6: 0, 最小延迟: 144 ms, 最高速率: 1.43 M/s, 平均速率: 1.43 M/s, 最高分辨率: 1920x1080
分类: 🔞成人频道, 名称: 松視2台, 有效: 1, IPv4: 1, IPv6: 0, 最小延迟: 140 ms, 最高速率: 1.45 M/s, 平均速率: 1.45 M/s, 最高分辨率: 1920x1080
分类: 🎬NewTV轮播, 名称: NewTV惊悚悬疑, 有效: 0, IPv4: 1, IPv6: 0, 最小延迟: -1 ms, 最高速率: 0.00 M/s, 平均速率: 0.00 M/s, 最高分辨率: None
分类: 🎬NewTV轮播, 名称: NewTV军旅剧场, 有效: 0, IPv4: 2, IPv6: 0, 最小延迟: -1 ms, 最高速率: 0.00 M/s, 平均速率: 0.00 M/s, 最高分辨率: None
分类: 🔞成人频道, 名称: 松視3台, 有效: 1, IPv4: 1, IPv6: 0, 最小延迟: 143 ms, 最高速率: 1.40 M/s, 平均速率: 1.40 M/s, 最高分辨率: 1920x1080
分类: 🎬NewTV轮播, 名称: NewTV中国功夫, 有效: 0, IPv4: 1, IPv6: 0, 最小延迟: -1 ms, 最高速率: 0.00 M/s, 平均速率: 0.00 M/s, 最高分辨率: None
分类: 🔞成人频道, 名称: 潘朵拉完美, 有效: 1, IPv4: 1, IPv6: 0, 最小延迟: 144 ms, 最高速率: 1.38 M/s, 平均速率: 1.38 M/s, 最高分辨率: 1920x1080
分类: 🔞成人频道, 名称: 香蕉, 有效: 1, IPv4: 1, IPv6: 0, 最小延迟: 136 ms, 最高速率: 1.38 M/s, 平均速率: 1.38 M/s, 最高分辨率: 1920x1080
分类: 🔞成人频道, 名称: 驚艷, 有效: 1, IPv4: 1, IPv6: 0, 最小延迟: 144 ms, 最高速率: 1.89 M/s, 平均速率: 1.89 M/s, 最高分辨率: 1920x1080
